--- text1	2021-11-12 17:18:48.611985100 +0200
+++ text2	2021-11-12 17:19:27.655868800 +0200
@@ -1,6 +1,5 @@
 Diff to Html generates pretty HTML diffs from unified and git diff output in your terminal
 
-Table of Contents
 Features
 Online Example
 Distributions
@@ -10,11 +9,12 @@
 Custom HTML wrapper template
 Examples
 Contribute
-Developing
+Developing  - see the change
 License
 Thanks
 Features
 Unified diff and Git diff input
+Added some contents
 
 line-by-line and side-by-side diff
 
